Zacharys-MacBook-Pro:desktop zacharykouba$ git clone https://github.com/zkouba19/git_demo.git
Cloning into 'git_demo'...
remote: Counting objects: 3, done.
remote: Total 3 (delta 0), reused 0 (delta 0), pack-reused 3
Unpacking objects: 100% (3/3), done.
Checking connectivity... done.
Zacharys-MacBook-Pro:desktop zacharykouba$ git status
On branch master

Initial commit

Changes to be committed:
  (use "git rm --cached <file>..." to unstage)

	new file:   test/commands.txt
	new file:   test/project1.css
	new file:   test/project1.html

Changes not staged for commit:
  (use "git add/rm <file>..." to update what will be committed)
  (use "git checkout -- <file>..." to discard changes in working directory)

	modified:   test/commands.txt
	deleted:    test/project1.css
	deleted:    test/project1.html

Untracked files:
  (use "git add <file>..." to include in what will be committed)

	.localized
	Yellow Belt HTML/
	basic_repo/
	codingdojo/
	fonts.css
	git/
	git_demo/
	git_project.css
	shireens_fonts.html
	test/index.html
	test/styles.css

Zacharys-MacBook-Pro:desktop zacharykouba$ cd git_demo
Zacharys-MacBook-Pro:git_demo zacharykouba$ git status
On branch master
Your branch is up-to-date with 'origin/master'.
Changes not staged for commit:
  (use "git add <file>..." to update what will be committed)
  (use "git checkout -- <file>..." to discard changes in working directory)

	modified:   demo_index.html

no changes added to commit (use "git add" and/or "git commit -a")
Zacharys-MacBook-Pro:git_demo zacharykouba$ git add .
Zacharys-MacBook-Pro:git_demo zacharykouba$ git commit -m "updates to demo_index.html"
[master e138343] updates to demo_index.html
 1 file changed, 4 insertions(+), 3 deletions(-)
Zacharys-MacBook-Pro:git_demo zacharykouba$ git push -u origin master
Counting objects: 3, done.
Delta compression using up to 8 threads.
Compressing objects: 100% (2/2), done.
Writing objects: 100% (3/3), 635 bytes | 0 bytes/s, done.
Total 3 (delta 0), reused 0 (delta 0)
To https://github.com/zkouba19/git_demo.git
   199a72c..e138343  master -> master
Branch master set up to track remote branch master from origin.
Zacharys-MacBook-Pro:git_demo zacharykouba$ 